Copyright 1986-2022 Xilinx, Inc. All Rights Reserved. Copyright 2022-2025 Advanced Micro Devices, Inc. All Rights Reserved.
---------------------------------------------------------------------------------------------------------------------------------------------
| Tool Version : Vivado v.2025.2 (lin64) Build 6299465 Fri Nov 14 12:34:56 MST 2025
| Date         : Sat Apr 11 08:21:22 2026
| Host         : LPT1146 running 64-bit Ubuntu 24.04.3 LTS
| Command      : report_utilization -file /mnt/d/work/HW/ofdm_tx_hls/vivado/utilization_post_synth.rpt -hierarchical
| Design       : ofdm_chain_wrapper
| Device       : xc7a50tcsg325-2
| Speed File   : -2
| Design State : Synthesized
---------------------------------------------------------------------------------------------------------------------------------------------

Utilization Design Information

Table of Contents
-----------------
1. Utilization by Hierarchy

1. Utilization by Hierarchy
---------------------------

+------------------------------------------------------------------+---------------------------------------------------------------------------------+------------+------------+---------+------+-------+--------+--------+------------+
|                             Instance                             |                                      Module                                     | Total LUTs | Logic LUTs | LUTRAMs | SRLs |  FFs  | RAMB36 | RAMB18 | DSP Blocks |
+------------------------------------------------------------------+---------------------------------------------------------------------------------+------------+------------+---------+------+-------+--------+--------+------------+
| ofdm_chain_wrapper                                               |                                                                           (top) |      16590 |      15413 |      94 | 1083 | 20831 |     10 |     32 |         94 |
|   (ofdm_chain_wrapper)                                           |                                                                           (top) |          0 |          0 |       0 |    0 |     0 |      0 |      0 |          0 |
|   ofdm_chain_i                                                   |                                                                      ofdm_chain |      16590 |      15413 |      94 | 1083 | 20831 |     10 |     32 |         94 |
|     viterbi_dec_0                                                |                                                      ofdm_chain_viterbi_dec_0_0 |       4122 |       4122 |       0 |    0 |  5614 |      1 |      0 |          0 |
|       inst                                                       |                                          ofdm_chain_viterbi_dec_0_0_viterbi_dec |       4122 |       4122 |       0 |    0 |  5614 |      1 |      0 |          0 |
|         (inst)                                                   |                                          ofdm_chain_viterbi_dec_0_0_viterbi_dec |        629 |        629 |       0 |    0 |  3018 |      0 |      0 |          0 |
|         ctrl_s_axi_U                                             |                               ofdm_chain_viterbi_dec_0_0_viterbi_dec_ctrl_s_axi |        100 |        100 |       0 |    0 |    85 |      0 |      0 |          0 |
|         grp_viterbi_dec_Pipeline_ACS_fu_1696                     |                 ofdm_chain_viterbi_dec_0_0_viterbi_dec_viterbi_dec_Pipeline_ACS |       2696 |       2696 |       0 |    0 |  1380 |      0 |      0 |          0 |
|           (grp_viterbi_dec_Pipeline_ACS_fu_1696)                 |                 ofdm_chain_viterbi_dec_0_0_viterbi_dec_viterbi_dec_Pipeline_ACS |       1635 |       1635 |       0 |    0 |  1371 |      0 |      0 |          0 |
|           flow_control_loop_pipe_sequential_init_U               | ofdm_chain_viterbi_dec_0_0_viterbi_dec_flow_control_loop_pipe_sequential_init_2 |       1061 |       1061 |       0 |    0 |     9 |      0 |      0 |          0 |
|         grp_viterbi_dec_Pipeline_BEST_S_fu_2157                  |              ofdm_chain_viterbi_dec_0_0_viterbi_dec_viterbi_dec_Pipeline_BEST_S |         44 |         44 |       0 |    0 |    60 |      0 |      0 |          0 |
|           (grp_viterbi_dec_Pipeline_BEST_S_fu_2157)              |              ofdm_chain_viterbi_dec_0_0_viterbi_dec_viterbi_dec_Pipeline_BEST_S |         11 |         11 |       0 |    0 |    58 |      0 |      0 |          0 |
|         grp_viterbi_dec_Pipeline_COPY_PM_fu_1961                 |             ofdm_chain_viterbi_dec_0_0_viterbi_dec_viterbi_dec_Pipeline_COPY_PM |        330 |        330 |       0 |    0 |  1029 |      0 |      0 |          0 |
|           (grp_viterbi_dec_Pipeline_COPY_PM_fu_1961)             |             ofdm_chain_viterbi_dec_0_0_viterbi_dec_viterbi_dec_Pipeline_COPY_PM |        304 |        304 |       0 |    0 |  1027 |      0 |      0 |          0 |
|         regslice_both_coded_in_U                                 |                            ofdm_chain_viterbi_dec_0_0_viterbi_dec_regslice_both |        121 |        121 |       0 |    0 |    21 |      0 |      0 |          0 |
|         regslice_both_data_out_U                                 |                          ofdm_chain_viterbi_dec_0_0_viterbi_dec_regslice_both_0 |        153 |        153 |       0 |    0 |    21 |      0 |      0 |          0 |
|     adc_input_fifo                                               |                                                     ofdm_chain_adc_input_fifo_0 |         29 |         29 |       0 |    0 |    65 |      1 |      0 |          0 |
|       inst                                                       |                          ofdm_chain_adc_input_fifo_0_axis_data_fifo_v2_0_17_top |         29 |         29 |       0 |    0 |    65 |      1 |      0 |          0 |
|         gen_fifo.xpm_fifo_axis_inst                              |                                       ofdm_chain_adc_input_fifo_0_xpm_fifo_axis |         29 |         29 |       0 |    0 |    65 |      1 |      0 |          0 |
|           xpm_fifo_base_inst                                     |                                       ofdm_chain_adc_input_fifo_0_xpm_fifo_base |         27 |         27 |       0 |    0 |    61 |      1 |      0 |          0 |
|     cfo_correct_0                                                |                                                      ofdm_chain_cfo_correct_0_0 |        261 |        259 |       0 |    2 |   273 |      0 |      1 |          4 |
|       inst                                                       |                                          ofdm_chain_cfo_correct_0_0_cfo_correct |        261 |        259 |       0 |    2 |   273 |      0 |      1 |          4 |
|         (inst)                                                   |                                          ofdm_chain_cfo_correct_0_0_cfo_correct |          9 |          9 |       0 |    0 |    70 |      0 |      0 |          0 |
|         grp_cfo_correct_Pipeline_CORRECT_fu_54                   |             ofdm_chain_cfo_correct_0_0_cfo_correct_cfo_correct_Pipeline_CORRECT |        147 |        145 |       0 |    2 |    68 |      0 |      1 |          4 |
|           (grp_cfo_correct_Pipeline_CORRECT_fu_54)               |             ofdm_chain_cfo_correct_0_0_cfo_correct_cfo_correct_Pipeline_CORRECT |         73 |         71 |       0 |    2 |    66 |      0 |      0 |          1 |
|         regslice_both_iq_out_U                                   |                          ofdm_chain_cfo_correct_0_0_cfo_correct_regslice_both_0 |         40 |         40 |       0 |    0 |    71 |      0 |      0 |          0 |
|     ofdm_rx_0                                                    |                                                          ofdm_chain_ofdm_rx_0_0 |       4660 |       4632 |       0 |   28 |  4505 |      0 |     13 |         63 |
|       inst                                                       |                                                  ofdm_chain_ofdm_rx_0_0_ofdm_rx |       4660 |       4632 |       0 |   28 |  4505 |      0 |     13 |         63 |
|         (inst)                                                   |                                                  ofdm_chain_ofdm_rx_0_0_ofdm_rx |         16 |         16 |       0 |    0 |   287 |      0 |      0 |          0 |
|         SIN_LUT_RX_U                                             |                           ofdm_chain_ofdm_rx_0_0_ofdm_rx_SIN_LUT_RX_ROM_AUTO_1R |        108 |        108 |       0 |    0 |     0 |      0 |      1 |          0 |
|         grp_compute_pilot_cpe_fu_392                             |                                ofdm_chain_ofdm_rx_0_0_ofdm_rx_compute_pilot_cpe |       1811 |       1809 |       0 |    2 |   994 |      0 |      0 |          8 |
|           (grp_compute_pilot_cpe_fu_392)                         |                                ofdm_chain_ofdm_rx_0_0_ofdm_rx_compute_pilot_cpe |       1513 |       1513 |       0 |    0 |   781 |      0 |      0 |          0 |
|           grp_compute_pilot_cpe_Pipeline_CPE_PILOTS_fu_176       |            ofdm_chain_ofdm_rx_0_0_ofdm_rx_compute_pilot_cpe_Pipeline_CPE_PILOTS |        298 |        296 |       0 |    2 |   213 |      0 |      0 |          8 |
|             (grp_compute_pilot_cpe_Pipeline_CPE_PILOTS_fu_176)   |            ofdm_chain_ofdm_rx_0_0_ofdm_rx_compute_pilot_cpe_Pipeline_CPE_PILOTS |        279 |        277 |       0 |    2 |   203 |      0 |      0 |          4 |
|         grp_equalize_demap_pack_fu_446                           |                              ofdm_chain_ofdm_rx_0_0_ofdm_rx_equalize_demap_pack |        809 |        803 |       0 |    6 |   774 |      0 |      1 |         20 |
|           grp_equalize_demap_pack_Pipeline_QPSK_PACK_fu_56       |           ofdm_chain_ofdm_rx_0_0_ofdm_rx_equalize_demap_pack_Pipeline_QPSK_PACK |        268 |        264 |       0 |    4 |   177 |      0 |      0 |         16 |
|             (grp_equalize_demap_pack_Pipeline_QPSK_PACK_fu_56)   |           ofdm_chain_ofdm_rx_0_0_ofdm_rx_equalize_demap_pack_Pipeline_QPSK_PACK |        240 |        236 |       0 |    4 |   175 |      0 |      0 |          8 |
|           grp_equalize_demap_pack_Pipeline_QAM16_PACK_fu_76      |          ofdm_chain_ofdm_rx_0_0_ofdm_rx_equalize_demap_pack_Pipeline_QAM16_PACK |        541 |        539 |       0 |    2 |   585 |      0 |      1 |          4 |
|             (grp_equalize_demap_pack_Pipeline_QAM16_PACK_fu_76)  |          ofdm_chain_ofdm_rx_0_0_ofdm_rx_equalize_demap_pack_Pipeline_QAM16_PACK |        501 |        499 |       0 |    2 |   583 |      0 |      0 |          2 |
|         grp_estimate_channel_fu_376                              |                                 ofdm_chain_ofdm_rx_0_0_ofdm_rx_estimate_channel |       1212 |       1199 |       0 |   13 |  1265 |      0 |      5 |         15 |
|           (grp_estimate_channel_fu_376)                          |                                 ofdm_chain_ofdm_rx_0_0_ofdm_rx_estimate_channel |        217 |        217 |       0 |    0 |   741 |      0 |      0 |          0 |
|           G_M_imag_U                                             |          ofdm_chain_ofdm_rx_0_0_ofdm_rx_estimate_channel_G_M_real_RAM_AUTO_1R1W |        111 |        111 |       0 |    0 |     0 |      0 |      1 |          0 |
|           G_M_real_U                                             |       ofdm_chain_ofdm_rx_0_0_ofdm_rx_estimate_channel_G_M_real_RAM_AUTO_1R1W_15 |        111 |        111 |       0 |    0 |     0 |      0 |      1 |          0 |
|           grp_estimate_channel_Pipeline_CH_DATA_fu_252           |                ofdm_chain_ofdm_rx_0_0_ofdm_rx_estimate_channel_Pipeline_CH_DATA |        139 |        130 |       0 |    9 |    91 |      0 |      3 |          8 |
|             (grp_estimate_channel_Pipeline_CH_DATA_fu_252)       |                ofdm_chain_ofdm_rx_0_0_ofdm_rx_estimate_channel_Pipeline_CH_DATA |         84 |         75 |       0 |    9 |    89 |      0 |      2 |          0 |
|           mul_21s_40s_50_2_1_U36                                 |                               ofdm_chain_ofdm_rx_0_0_ofdm_rx_mul_21s_40s_50_2_1 |        172 |        172 |       0 |    0 |    33 |      0 |      0 |          2 |
|           sdiv_42ns_23s_40_46_seq_1_U38                          |                        ofdm_chain_ofdm_rx_0_0_ofdm_rx_sdiv_42ns_23s_40_46_seq_1 |        168 |        166 |       0 |    2 |   215 |      0 |      0 |          0 |
|             (sdiv_42ns_23s_40_46_seq_1_U38)                      |                        ofdm_chain_ofdm_rx_0_0_ofdm_rx_sdiv_42ns_23s_40_46_seq_1 |         41 |         41 |       0 |    0 |    64 |      0 |      0 |          0 |
|             ofdm_rx_sdiv_42ns_23s_40_46_seq_1_divseq_u           |              ofdm_chain_ofdm_rx_0_0_ofdm_rx_sdiv_42ns_23s_40_46_seq_1_divseq_18 |        127 |        125 |       0 |    2 |   151 |      0 |      0 |          0 |
|           sdiv_42ns_23s_40_46_seq_1_U39                          |                     ofdm_chain_ofdm_rx_0_0_ofdm_rx_sdiv_42ns_23s_40_46_seq_1_17 |        167 |        165 |       0 |    2 |   174 |      0 |      0 |          0 |
|             (sdiv_42ns_23s_40_46_seq_1_U39)                      |                     ofdm_chain_ofdm_rx_0_0_ofdm_rx_sdiv_42ns_23s_40_46_seq_1_17 |         41 |         41 |       0 |    0 |    64 |      0 |      0 |          0 |
|             ofdm_rx_sdiv_42ns_23s_40_46_seq_1_divseq_u           |                 ofdm_chain_ofdm_rx_0_0_ofdm_rx_sdiv_42ns_23s_40_46_seq_1_divseq |        126 |        124 |       0 |    2 |   110 |      0 |      0 |          0 |
|         grp_ofdm_rx_Pipeline_HDR_DEMAP_fu_402                    |                       ofdm_chain_ofdm_rx_0_0_ofdm_rx_ofdm_rx_Pipeline_HDR_DEMAP |        240 |        233 |       0 |    7 |   588 |      0 |      0 |          0 |
|           (grp_ofdm_rx_Pipeline_HDR_DEMAP_fu_402)                |                       ofdm_chain_ofdm_rx_0_0_ofdm_rx_ofdm_rx_Pipeline_HDR_DEMAP |        227 |        220 |       0 |    7 |   586 |      0 |      0 |          0 |
|         grp_run_fft_fu_364                                       |                                          ofdm_chain_ofdm_rx_0_0_ofdm_rx_run_fft |         97 |         97 |       0 |    0 |    70 |      0 |      0 |          0 |
|           grp_run_fft_Pipeline_FFT_TX_fu_28                      |                          ofdm_chain_ofdm_rx_0_0_ofdm_rx_run_fft_Pipeline_FFT_TX |         74 |         74 |       0 |    0 |    13 |      0 |      0 |          0 |
|         mul_40s_67ns_106_5_1_U155                                |                             ofdm_chain_ofdm_rx_0_0_ofdm_rx_mul_40s_67ns_106_5_1 |        107 |        107 |       0 |    0 |   103 |      0 |      0 |          8 |
|         regslice_both_fft_in_U                                   |                                    ofdm_chain_ofdm_rx_0_0_ofdm_rx_regslice_both |         40 |         40 |       0 |    0 |    71 |      0 |      0 |          0 |
|         regslice_both_fft_out_U                                  |                                  ofdm_chain_ofdm_rx_0_0_ofdm_rx_regslice_both_6 |         39 |         39 |       0 |    0 |    69 |      0 |      0 |          0 |
|         regslice_both_iq_in_U                                    |                                  ofdm_chain_ofdm_rx_0_0_ofdm_rx_regslice_both_7 |         44 |         44 |       0 |    0 |    71 |      0 |      0 |          0 |
|     ofdm_rx_fft                                                  |                                                        ofdm_chain_ofdm_rx_fft_0 |       1900 |       1363 |      31 |  506 |  3437 |      0 |      2 |          9 |
|       U0                                                         |                                           ofdm_chain_ofdm_rx_fft_0_xfft_v9_1_15 |       1900 |       1363 |      31 |  506 |  3437 |      0 |      2 |          9 |
|         i_synth                                                  |                                       ofdm_chain_ofdm_rx_fft_0_xfft_v9_1_15_viv |       1900 |       1363 |      31 |  506 |  3437 |      0 |      2 |          9 |
|           non_native_flt_non_ssr_fft.xfft_inst                   |                                      ofdm_chain_ofdm_rx_fft_0_xfft_v9_1_15_core |       1729 |       1267 |      31 |  431 |  3192 |      0 |      2 |          9 |
|             non_floating_point.arch_d.xfft_inst                  |                                         ofdm_chain_ofdm_rx_fft_0_xfft_v9_1_15_d |       1729 |       1267 |      31 |  431 |  3192 |      0 |      2 |          9 |
|               (non_floating_point.arch_d.xfft_inst)              |                                         ofdm_chain_ofdm_rx_fft_0_xfft_v9_1_15_d |          7 |          7 |       0 |    0 |   104 |      0 |      0 |          0 |
|               pe_gen[0].natural_order_input.PE                   |                                                 ofdm_chain_ofdm_rx_fft_0_r22_pe |        530 |        355 |      31 |  144 |   887 |      0 |      1 |          3 |
|                 hasbf2.FB_2.BF_2                                 |                                 ofdm_chain_ofdm_rx_fft_0_r22_bf__parameterized0 |        224 |        133 |       0 |   91 |   294 |      0 |      0 |          0 |
|                   MEM                                            |                             ofdm_chain_ofdm_rx_fft_0_r22_memory__parameterized0 |         72 |          0 |       0 |   72 |    36 |      0 |      0 |          0 |
|                     dist_ram.srlram.ram                          |                                         ofdm_chain_ofdm_rx_fft_0_r22_srl_memory |         72 |          0 |       0 |   72 |    36 |      0 |      0 |          0 |
|                       fixed_length.shift_ram                     |               ofdm_chain_ofdm_rx_fft_0_c_shift_ram_v12_0_20_viv__parameterized3 |         72 |          0 |       0 |   72 |    36 |      0 |      0 |          0 |
|                         i_bb_inst                                |            ofdm_chain_ofdm_rx_fft_0_c_shift_ram_v12_0_20_legacy__parameterized3 |         72 |          0 |       0 |   72 |    36 |      0 |      0 |          0 |
|                   BTFLY0                                         |                           ofdm_chain_ofdm_rx_fft_0_r22_bfly_byp__parameterized0 |         76 |         76 |       0 |    0 |    76 |      0 |      0 |          0 |
|                 FB_1.BF_1                                        |                                                 ofdm_chain_ofdm_rx_fft_0_r22_bf |        130 |         91 |       0 |   39 |   215 |      0 |      1 |          0 |
|                   BTFLY0                                         |                                       ofdm_chain_ofdm_rx_fft_0_r22_bfly_byp_208 |         72 |         72 |       0 |    0 |    72 |      0 |      0 |          0 |
|                 has_TW_mult.MULT                                 |                                               ofdm_chain_ofdm_rx_fft_0_cmpy_151 |         32 |         32 |       0 |    0 |   193 |      0 |      0 |          3 |
|                   i_cmpy                                         |                                 ofdm_chain_ofdm_rx_fft_0_cmpy_v6_0_27_synth_194 |         32 |         32 |       0 |    0 |   193 |      0 |      0 |          3 |
|                     three_mult_structure.use_dsp.i_dsp           |                                       ofdm_chain_ofdm_rx_fft_0_cmpy_3_dsp48_195 |         32 |         32 |       0 |    0 |   193 |      0 |      0 |          3 |
|                       mult1_preadder_d_plus_a.mult1              |                                  ofdm_chain_ofdm_rx_fft_0_cmpy_3_dsp48_mult_198 |          0 |          0 |       0 |    0 |    53 |      0 |      0 |          1 |
|                         mult                                     |                                                ofdm_chain_ofdm_rx_fft_0_dsp_205 |          0 |          0 |       0 |    0 |    53 |      0 |      0 |          1 |
|                       optionally_negate_inputs                   |                                     ofdm_chain_ofdm_rx_fft_0_input_negation_201 |         32 |         32 |       0 |    0 |    70 |      0 |      0 |          0 |
|                 has_TW_mult.TW                                   |                                             ofdm_chain_ofdm_rx_fft_0_r22_tw_gen |         64 |         33 |      31 |    0 |    95 |      0 |      0 |          0 |
|                   twiddle_generator                              |                                            ofdm_chain_ofdm_rx_fft_0_twiddle_gen |         49 |         18 |      31 |    0 |    67 |      0 |      0 |          0 |
|                     tw2.twgen2                                   |                                          ofdm_chain_ofdm_rx_fft_0_twgen_distmem |         47 |         16 |      31 |    0 |    67 |      0 |      0 |          0 |
|               pe_gen[1].natural_order_input.PE                   |                                 ofdm_chain_ofdm_rx_fft_0_r22_pe__parameterized0 |        467 |        343 |       0 |  124 |   834 |      0 |      0 |          3 |
|                 hasbf2.FW_2.BF_2                                 |                                              ofdm_chain_ofdm_rx_fft_0_r22_bf_sp |        143 |        106 |       0 |   37 |   260 |      0 |      0 |          0 |
|                 FB_1.BF_1                                        |                                 ofdm_chain_ofdm_rx_fft_0_r22_bf__parameterized1 |        164 |         95 |       0 |   69 |   208 |      0 |      0 |          0 |
|                 has_TW_mult.MULT                                 |                                                ofdm_chain_ofdm_rx_fft_0_cmpy_79 |         32 |         32 |       0 |    0 |   193 |      0 |      0 |          3 |
|                   i_cmpy                                         |                                 ofdm_chain_ofdm_rx_fft_0_cmpy_v6_0_27_synth_121 |         32 |         32 |       0 |    0 |   193 |      0 |      0 |          3 |
|                     three_mult_structure.use_dsp.i_dsp           |                                       ofdm_chain_ofdm_rx_fft_0_cmpy_3_dsp48_122 |         32 |         32 |       0 |    0 |   193 |      0 |      0 |          3 |
|                       mult1_preadder_d_plus_a.mult1              |                                  ofdm_chain_ofdm_rx_fft_0_cmpy_3_dsp48_mult_125 |          0 |          0 |       0 |    0 |    53 |      0 |      0 |          1 |
|                         mult                                     |                                                ofdm_chain_ofdm_rx_fft_0_dsp_132 |          0 |          0 |       0 |    0 |    53 |      0 |      0 |          1 |
|                       optionally_negate_inputs                   |                                     ofdm_chain_ofdm_rx_fft_0_input_negation_128 |         32 |         32 |       0 |    0 |    70 |      0 |      0 |          0 |
|                 has_TW_mult.TW                                   |                             ofdm_chain_ofdm_rx_fft_0_r22_tw_gen__parameterized0 |         45 |         45 |       0 |    0 |    89 |      0 |      0 |          0 |
|                   twiddle_generator                              |                            ofdm_chain_ofdm_rx_fft_0_twiddle_gen__parameterized0 |         34 |         34 |       0 |    0 |    67 |      0 |      0 |          0 |
|                     tw2.twgen2                                   |                          ofdm_chain_ofdm_rx_fft_0_twgen_distmem__parameterized0 |         32 |         32 |       0 |    0 |    67 |      0 |      0 |          0 |
|               pe_gen[2].natural_order_input.PE                   |                                 ofdm_chain_ofdm_rx_fft_0_r22_pe__parameterized1 |        374 |        289 |       0 |   85 |   733 |      0 |      0 |          3 |
|                 hasbf2.FW_2.BF_2                                 |                              ofdm_chain_ofdm_rx_fft_0_r22_bf_sp__parameterized1 |        143 |        106 |       0 |   37 |   260 |      0 |      0 |          0 |
|                 FW_1.BF_1                                        |                              ofdm_chain_ofdm_rx_fft_0_r22_bf_sp__parameterized0 |        107 |         72 |       0 |   35 |   169 |      0 |      0 |          0 |
|                 has_TW_mult.MULT                                 |                                                   ofdm_chain_ofdm_rx_fft_0_cmpy |         28 |         28 |       0 |    0 |   188 |      0 |      0 |          3 |
|                   i_cmpy                                         |                                     ofdm_chain_ofdm_rx_fft_0_cmpy_v6_0_27_synth |         28 |         28 |       0 |    0 |   188 |      0 |      0 |          3 |
|                     three_mult_structure.use_dsp.i_dsp           |                                           ofdm_chain_ofdm_rx_fft_0_cmpy_3_dsp48 |         28 |         28 |       0 |    0 |   188 |      0 |      0 |          3 |
|                       mult1_preadder_d_plus_a.mult1              |                                      ofdm_chain_ofdm_rx_fft_0_cmpy_3_dsp48_mult |          0 |          0 |       0 |    0 |    52 |      0 |      0 |          1 |
|                         mult                                     |                                                    ofdm_chain_ofdm_rx_fft_0_dsp |          0 |          0 |       0 |    0 |    52 |      0 |      0 |          1 |
|                       optionally_negate_inputs                   |                                         ofdm_chain_ofdm_rx_fft_0_input_negation |         28 |         28 |       0 |    0 |    68 |      0 |      0 |          0 |
|               pe_gen[3].natural_order_input.PE                   |                                 ofdm_chain_ofdm_rx_fft_0_r22_pe__parameterized2 |        252 |        212 |       0 |   40 |   473 |      0 |      0 |          0 |
|                 hasbf2.FW_2.BF_2                                 |                              ofdm_chain_ofdm_rx_fft_0_r22_bf_sp__parameterized3 |        106 |        106 |       0 |    0 |   260 |      0 |      0 |          0 |
|                 FW_1.BF_1                                        |                              ofdm_chain_ofdm_rx_fft_0_r22_bf_sp__parameterized2 |        106 |         72 |       0 |   34 |   170 |      0 |      0 |          0 |
|           axi_wrapper                                            |                                            ofdm_chain_ofdm_rx_fft_0_axi_wrapper |        171 |         96 |       0 |   75 |   245 |      0 |      0 |          0 |
|             gen_input_fifo_read_default.data_in_channel_fifo     |                 ofdm_chain_ofdm_rx_fft_0_axi_wrapper_input_fifo__parameterized0 |         80 |         47 |       0 |   33 |   144 |      0 |      0 |          0 |
|               (gen_input_fifo_read_default.data_in_channel_fifo) |                 ofdm_chain_ofdm_rx_fft_0_axi_wrapper_input_fifo__parameterized0 |          2 |          2 |       0 |    0 |    68 |      0 |      0 |          0 |
|               gen_non_real_time.data_in_fifo_pt1                 |                          ofdm_chain_ofdm_rx_fft_0_glb_ifx_slave__parameterized0 |         78 |         45 |       0 |   33 |    76 |      0 |      0 |          0 |
|     ofdm_tx_0                                                    |                                                          ofdm_chain_ofdm_tx_0_0 |       1028 |       1000 |       0 |   28 |   899 |      0 |     12 |          0 |
|       inst                                                       |                                                  ofdm_chain_ofdm_tx_0_0_ofdm_tx |       1028 |       1000 |       0 |   28 |   899 |      0 |     12 |          0 |
|         (inst)                                                   |                                                  ofdm_chain_ofdm_tx_0_0_ofdm_tx |         23 |         23 |       0 |    0 |   183 |      0 |      0 |          0 |
|         grp_ofdm_tx_Pipeline_PRE_DATA_fu_420                     |                        ofdm_chain_ofdm_tx_0_0_ofdm_tx_ofdm_tx_Pipeline_PRE_DATA |         61 |         61 |       0 |    0 |    11 |      0 |      2 |          0 |
|         grp_process_symbol_fu_453                                |                                   ofdm_chain_ofdm_tx_0_0_ofdm_tx_process_symbol |        413 |        385 |       0 |   28 |   227 |      0 |      5 |          0 |
|           sym_fifo_fifo_U                                        |                                   ofdm_chain_ofdm_tx_0_0_ofdm_tx_fifo_w4_d200_S |         64 |         36 |       0 |   28 |    19 |      0 |      0 |          0 |
|           grp_fill_freq_buffer_fu_101                            |                                 ofdm_chain_ofdm_tx_0_0_ofdm_tx_fill_freq_buffer |         84 |         84 |       0 |    0 |    53 |      0 |      1 |          0 |
|             grp_fill_freq_buffer_Pipeline_DATA_MAP_fu_188        |               ofdm_chain_ofdm_tx_0_0_ofdm_tx_fill_freq_buffer_Pipeline_DATA_MAP |         57 |         57 |       0 |    0 |    30 |      0 |      1 |          0 |
|           grp_insert_cp_and_send_fu_123                          |                            ofdm_chain_ofdm_tx_0_0_ofdm_tx_insert_cp_and_send_11 |        115 |        115 |       0 |    0 |    63 |      0 |      0 |          0 |
|             grp_insert_cp_and_send_Pipeline_SYM_LOOP_fu_52       |          ofdm_chain_ofdm_tx_0_0_ofdm_tx_insert_cp_and_send_Pipeline_SYM_LOOP_22 |         90 |         90 |       0 |    0 |    13 |      0 |      0 |          0 |
|               (grp_insert_cp_and_send_Pipeline_SYM_LOOP_fu_52)   |          ofdm_chain_ofdm_tx_0_0_ofdm_tx_insert_cp_and_send_Pipeline_SYM_LOOP_22 |         55 |         55 |       0 |    0 |    11 |      0 |      0 |          0 |
|         grp_send_freq_symbol_fu_432                              |                                 ofdm_chain_ofdm_tx_0_0_ofdm_tx_send_freq_symbol |        195 |        195 |       0 |    0 |   105 |      0 |      2 |          0 |
|           grp_insert_cp_and_send_fu_62                           |                               ofdm_chain_ofdm_tx_0_0_ofdm_tx_insert_cp_and_send |        128 |        128 |       0 |    0 |    62 |      0 |      0 |          0 |
|             grp_insert_cp_and_send_Pipeline_SYM_LOOP_fu_52       |             ofdm_chain_ofdm_tx_0_0_ofdm_tx_insert_cp_and_send_Pipeline_SYM_LOOP |         83 |         83 |       0 |    0 |    12 |      0 |      0 |          0 |
|               (grp_insert_cp_and_send_Pipeline_SYM_LOOP_fu_52)   |             ofdm_chain_ofdm_tx_0_0_ofdm_tx_insert_cp_and_send_Pipeline_SYM_LOOP |         50 |         50 |       0 |    0 |    10 |      0 |      0 |          0 |
|         regslice_both_ifft_in_U                                  |                    ofdm_chain_ofdm_tx_0_0_ofdm_tx_regslice_both__parameterized0 |         54 |         54 |       0 |    0 |   101 |      0 |      0 |          0 |
|         regslice_both_ifft_out_U                                 |                  ofdm_chain_ofdm_tx_0_0_ofdm_tx_regslice_both__parameterized0_2 |         39 |         39 |       0 |    0 |    69 |      0 |      0 |          0 |
|         regslice_both_iq_out_U                                   |                  ofdm_chain_ofdm_tx_0_0_ofdm_tx_regslice_both__parameterized0_3 |         58 |         58 |       0 |    0 |   101 |      0 |      0 |          0 |
|     ofdm_tx_ifft                                                 |                                                       ofdm_chain_ofdm_tx_ifft_0 |       1900 |       1363 |      31 |  506 |  3437 |      0 |      2 |          9 |
|       U0                                                         |                                          ofdm_chain_ofdm_tx_ifft_0_xfft_v9_1_15 |       1900 |       1363 |      31 |  506 |  3437 |      0 |      2 |          9 |
|         i_synth                                                  |                                      ofdm_chain_ofdm_tx_ifft_0_xfft_v9_1_15_viv |       1900 |       1363 |      31 |  506 |  3437 |      0 |      2 |          9 |
|           non_native_flt_non_ssr_fft.xfft_inst                   |                                     ofdm_chain_ofdm_tx_ifft_0_xfft_v9_1_15_core |       1729 |       1267 |      31 |  431 |  3192 |      0 |      2 |          9 |
|             non_floating_point.arch_d.xfft_inst                  |                                        ofdm_chain_ofdm_tx_ifft_0_xfft_v9_1_15_d |       1729 |       1267 |      31 |  431 |  3192 |      0 |      2 |          9 |
|               (non_floating_point.arch_d.xfft_inst)              |                                        ofdm_chain_ofdm_tx_ifft_0_xfft_v9_1_15_d |          7 |          7 |       0 |    0 |   104 |      0 |      0 |          0 |
|               pe_gen[0].natural_order_input.PE                   |                                                ofdm_chain_ofdm_tx_ifft_0_r22_pe |        530 |        355 |      31 |  144 |   887 |      0 |      1 |          3 |
|                 hasbf2.FB_2.BF_2                                 |                                ofdm_chain_ofdm_tx_ifft_0_r22_bf__parameterized0 |        224 |        133 |       0 |   91 |   294 |      0 |      0 |          0 |
|                   MEM                                            |                            ofdm_chain_ofdm_tx_ifft_0_r22_memory__parameterized0 |         72 |          0 |       0 |   72 |    36 |      0 |      0 |          0 |
|                     dist_ram.srlram.ram                          |                                        ofdm_chain_ofdm_tx_ifft_0_r22_srl_memory |         72 |          0 |       0 |   72 |    36 |      0 |      0 |          0 |
|                       fixed_length.shift_ram                     |              ofdm_chain_ofdm_tx_ifft_0_c_shift_ram_v12_0_20_viv__parameterized3 |         72 |          0 |       0 |   72 |    36 |      0 |      0 |          0 |
|                         i_bb_inst                                |           ofdm_chain_ofdm_tx_ifft_0_c_shift_ram_v12_0_20_legacy__parameterized3 |         72 |          0 |       0 |   72 |    36 |      0 |      0 |          0 |
|                   BTFLY0                                         |                          ofdm_chain_ofdm_tx_ifft_0_r22_bfly_byp__parameterized0 |         76 |         76 |       0 |    0 |    76 |      0 |      0 |          0 |
|                 FB_1.BF_1                                        |                                                ofdm_chain_ofdm_tx_ifft_0_r22_bf |        130 |         91 |       0 |   39 |   215 |      0 |      1 |          0 |
|                   BTFLY0                                         |                                      ofdm_chain_ofdm_tx_ifft_0_r22_bfly_byp_208 |         72 |         72 |       0 |    0 |    72 |      0 |      0 |          0 |
|                 has_TW_mult.MULT                                 |                                              ofdm_chain_ofdm_tx_ifft_0_cmpy_151 |         32 |         32 |       0 |    0 |   193 |      0 |      0 |          3 |
|                   i_cmpy                                         |                                ofdm_chain_ofdm_tx_ifft_0_cmpy_v6_0_27_synth_194 |         32 |         32 |       0 |    0 |   193 |      0 |      0 |          3 |
|                     three_mult_structure.use_dsp.i_dsp           |                                      ofdm_chain_ofdm_tx_ifft_0_cmpy_3_dsp48_195 |         32 |         32 |       0 |    0 |   193 |      0 |      0 |          3 |
|                       mult1_preadder_d_plus_a.mult1              |                                 ofdm_chain_ofdm_tx_ifft_0_cmpy_3_dsp48_mult_198 |          0 |          0 |       0 |    0 |    53 |      0 |      0 |          1 |
|                         mult                                     |                                               ofdm_chain_ofdm_tx_ifft_0_dsp_205 |          0 |          0 |       0 |    0 |    53 |      0 |      0 |          1 |
|                       optionally_negate_inputs                   |                                    ofdm_chain_ofdm_tx_ifft_0_input_negation_201 |         32 |         32 |       0 |    0 |    70 |      0 |      0 |          0 |
|                 has_TW_mult.TW                                   |                                            ofdm_chain_ofdm_tx_ifft_0_r22_tw_gen |         64 |         33 |      31 |    0 |    95 |      0 |      0 |          0 |
|                   twiddle_generator                              |                                           ofdm_chain_ofdm_tx_ifft_0_twiddle_gen |         49 |         18 |      31 |    0 |    67 |      0 |      0 |          0 |
|                     tw2.twgen2                                   |                                         ofdm_chain_ofdm_tx_ifft_0_twgen_distmem |         47 |         16 |      31 |    0 |    67 |      0 |      0 |          0 |
|               pe_gen[1].natural_order_input.PE                   |                                ofdm_chain_ofdm_tx_ifft_0_r22_pe__parameterized0 |        467 |        343 |       0 |  124 |   834 |      0 |      0 |          3 |
|                 hasbf2.FW_2.BF_2                                 |                                             ofdm_chain_ofdm_tx_ifft_0_r22_bf_sp |        143 |        106 |       0 |   37 |   260 |      0 |      0 |          0 |
|                 FB_1.BF_1                                        |                                ofdm_chain_ofdm_tx_ifft_0_r22_bf__parameterized1 |        164 |         95 |       0 |   69 |   208 |      0 |      0 |          0 |
|                 has_TW_mult.MULT                                 |                                               ofdm_chain_ofdm_tx_ifft_0_cmpy_79 |         32 |         32 |       0 |    0 |   193 |      0 |      0 |          3 |
|                   i_cmpy                                         |                                ofdm_chain_ofdm_tx_ifft_0_cmpy_v6_0_27_synth_121 |         32 |         32 |       0 |    0 |   193 |      0 |      0 |          3 |
|                     three_mult_structure.use_dsp.i_dsp           |                                      ofdm_chain_ofdm_tx_ifft_0_cmpy_3_dsp48_122 |         32 |         32 |       0 |    0 |   193 |      0 |      0 |          3 |
|                       mult1_preadder_d_plus_a.mult1              |                                 ofdm_chain_ofdm_tx_ifft_0_cmpy_3_dsp48_mult_125 |          0 |          0 |       0 |    0 |    53 |      0 |      0 |          1 |
|                         mult                                     |                                               ofdm_chain_ofdm_tx_ifft_0_dsp_132 |          0 |          0 |       0 |    0 |    53 |      0 |      0 |          1 |
|                       optionally_negate_inputs                   |                                    ofdm_chain_ofdm_tx_ifft_0_input_negation_128 |         32 |         32 |       0 |    0 |    70 |      0 |      0 |          0 |
|                 has_TW_mult.TW                                   |                            ofdm_chain_ofdm_tx_ifft_0_r22_tw_gen__parameterized0 |         45 |         45 |       0 |    0 |    89 |      0 |      0 |          0 |
|                   twiddle_generator                              |                           ofdm_chain_ofdm_tx_ifft_0_twiddle_gen__parameterized0 |         34 |         34 |       0 |    0 |    67 |      0 |      0 |          0 |
|                     tw2.twgen2                                   |                         ofdm_chain_ofdm_tx_ifft_0_twgen_distmem__parameterized0 |         32 |         32 |       0 |    0 |    67 |      0 |      0 |          0 |
|               pe_gen[2].natural_order_input.PE                   |                                ofdm_chain_ofdm_tx_ifft_0_r22_pe__parameterized1 |        374 |        289 |       0 |   85 |   733 |      0 |      0 |          3 |
|                 hasbf2.FW_2.BF_2                                 |                             ofdm_chain_ofdm_tx_ifft_0_r22_bf_sp__parameterized1 |        143 |        106 |       0 |   37 |   260 |      0 |      0 |          0 |
|                 FW_1.BF_1                                        |                             ofdm_chain_ofdm_tx_ifft_0_r22_bf_sp__parameterized0 |        107 |         72 |       0 |   35 |   169 |      0 |      0 |          0 |
|                 has_TW_mult.MULT                                 |                                                  ofdm_chain_ofdm_tx_ifft_0_cmpy |         28 |         28 |       0 |    0 |   188 |      0 |      0 |          3 |
|                   i_cmpy                                         |                                    ofdm_chain_ofdm_tx_ifft_0_cmpy_v6_0_27_synth |         28 |         28 |       0 |    0 |   188 |      0 |      0 |          3 |
|                     three_mult_structure.use_dsp.i_dsp           |                                          ofdm_chain_ofdm_tx_ifft_0_cmpy_3_dsp48 |         28 |         28 |       0 |    0 |   188 |      0 |      0 |          3 |
|                       mult1_preadder_d_plus_a.mult1              |                                     ofdm_chain_ofdm_tx_ifft_0_cmpy_3_dsp48_mult |          0 |          0 |       0 |    0 |    52 |      0 |      0 |          1 |
|                         mult                                     |                                                   ofdm_chain_ofdm_tx_ifft_0_dsp |          0 |          0 |       0 |    0 |    52 |      0 |      0 |          1 |
|                       optionally_negate_inputs                   |                                        ofdm_chain_ofdm_tx_ifft_0_input_negation |         28 |         28 |       0 |    0 |    68 |      0 |      0 |          0 |
|               pe_gen[3].natural_order_input.PE                   |                                ofdm_chain_ofdm_tx_ifft_0_r22_pe__parameterized2 |        252 |        212 |       0 |   40 |   473 |      0 |      0 |          0 |
|                 hasbf2.FW_2.BF_2                                 |                             ofdm_chain_ofdm_tx_ifft_0_r22_bf_sp__parameterized3 |        106 |        106 |       0 |    0 |   260 |      0 |      0 |          0 |
|                 FW_1.BF_1                                        |                             ofdm_chain_ofdm_tx_ifft_0_r22_bf_sp__parameterized2 |        106 |         72 |       0 |   34 |   170 |      0 |      0 |          0 |
|           axi_wrapper                                            |                                           ofdm_chain_ofdm_tx_ifft_0_axi_wrapper |        171 |         96 |       0 |   75 |   245 |      0 |      0 |          0 |
|             gen_input_fifo_read_default.data_in_channel_fifo     |                ofdm_chain_ofdm_tx_ifft_0_axi_wrapper_input_fifo__parameterized0 |         80 |         47 |       0 |   33 |   144 |      0 |      0 |          0 |
|               (gen_input_fifo_read_default.data_in_channel_fifo) |                ofdm_chain_ofdm_tx_ifft_0_axi_wrapper_input_fifo__parameterized0 |          2 |          2 |       0 |    0 |    68 |      0 |      0 |          0 |
|               gen_non_real_time.data_in_fifo_pt1                 |                         ofdm_chain_ofdm_tx_ifft_0_glb_ifx_slave__parameterized0 |         78 |         45 |       0 |   33 |    76 |      0 |      0 |          0 |
|     rx_interleaver                                               |                                                     ofdm_chain_rx_interleaver_0 |        326 |        304 |      16 |    6 |   359 |      0 |      0 |          0 |
|       inst                                                       |                                         ofdm_chain_rx_interleaver_0_interleaver |        326 |        304 |      16 |    6 |   359 |      0 |      0 |          0 |
|         grp_interleaver_Pipeline_PERM_Q_fu_122                   |             ofdm_chain_rx_interleaver_0_interleaver_interleaver_Pipeline_PERM_Q |         67 |         65 |       0 |    2 |    84 |      0 |      0 |          0 |
|           (grp_interleaver_Pipeline_PERM_Q_fu_122)               |             ofdm_chain_rx_interleaver_0_interleaver_interleaver_Pipeline_PERM_Q |         23 |         21 |       0 |    2 |    60 |      0 |      0 |          0 |
|         grp_interleaver_Pipeline_PERM_16_fu_130                  |            ofdm_chain_rx_interleaver_0_interleaver_interleaver_Pipeline_PERM_16 |        106 |        102 |       0 |    4 |   107 |      0 |      0 |          0 |
|           (grp_interleaver_Pipeline_PERM_16_fu_130)              |            ofdm_chain_rx_interleaver_0_interleaver_interleaver_Pipeline_PERM_16 |         49 |         45 |       0 |    4 |    84 |      0 |      0 |          0 |
|     rx_output_fifo                                               |                                                     ofdm_chain_rx_output_fifo_0 |         32 |         32 |       0 |    0 |    77 |      8 |      0 |          0 |
|       inst                                                       |                          ofdm_chain_rx_output_fifo_0_axis_data_fifo_v2_0_17_top |         32 |         32 |       0 |    0 |    77 |      8 |      0 |          0 |
|         gen_fifo.xpm_fifo_axis_inst                              |                                       ofdm_chain_rx_output_fifo_0_xpm_fifo_axis |         32 |         32 |       0 |    0 |    77 |      8 |      0 |          0 |
|           xpm_fifo_base_inst                                     |                                       ofdm_chain_rx_output_fifo_0_xpm_fifo_base |         30 |         30 |       0 |    0 |    73 |      8 |      0 |          0 |
|     rx_scrambler                                                 |                                                       ofdm_chain_rx_scrambler_0 |        122 |        122 |       0 |    0 |   123 |      0 |      0 |          0 |
|       inst                                                       |                                             ofdm_chain_rx_scrambler_0_scrambler |        122 |        122 |       0 |    0 |   123 |      0 |      0 |          0 |
|         ctrl_s_axi_U                                             |                                  ofdm_chain_rx_scrambler_0_scrambler_ctrl_s_axi |         59 |         59 |       0 |    0 |    52 |      0 |      0 |          0 |
|     sync_detect_0                                                |                                                      ofdm_chain_sync_detect_0_0 |       1418 |       1417 |       0 |    1 |  1094 |      0 |      2 |          9 |
|       inst                                                       |                                          ofdm_chain_sync_detect_0_0_sync_detect |       1418 |       1417 |       0 |    1 |  1094 |      0 |      2 |          9 |
|         (inst)                                                   |                                          ofdm_chain_sync_detect_0_0_sync_detect |        100 |        100 |       0 |    0 |   406 |      0 |      0 |          0 |
|         grp_sync_atan2_fu_204                                    |                               ofdm_chain_sync_detect_0_0_sync_detect_sync_atan2 |        280 |        280 |       0 |    0 |   221 |      0 |      0 |          0 |
|           (grp_sync_atan2_fu_204)                                |                               ofdm_chain_sync_detect_0_0_sync_detect_sync_atan2 |         70 |         70 |       0 |    0 |    46 |      0 |      0 |          0 |
|           grp_sync_atan2_Pipeline_CORDIC_fu_44                   |               ofdm_chain_sync_detect_0_0_sync_detect_sync_atan2_Pipeline_CORDIC |        210 |        210 |       0 |    0 |   175 |      0 |      0 |          0 |
|             (grp_sync_atan2_Pipeline_CORDIC_fu_44)               |               ofdm_chain_sync_detect_0_0_sync_detect_sync_atan2_Pipeline_CORDIC |        130 |        130 |       0 |    0 |   161 |      0 |      0 |          0 |
|             flow_control_loop_pipe_sequential_init_U             | ofdm_chain_sync_detect_0_0_sync_detect_flow_control_loop_pipe_sequential_init_6 |         61 |         61 |       0 |    0 |     2 |      0 |      0 |          0 |
|         grp_sync_detect_Pipeline_CORR_fu_193                     |                ofdm_chain_sync_detect_0_0_sync_detect_sync_detect_Pipeline_CORR |        234 |        233 |       0 |    1 |   120 |      0 |      0 |          8 |
|           (grp_sync_detect_Pipeline_CORR_fu_193)                 |                ofdm_chain_sync_detect_0_0_sync_detect_sync_detect_Pipeline_CORR |        216 |        215 |       0 |    1 |   118 |      0 |      0 |          5 |
|         grp_sync_detect_Pipeline_OUT_BUF_fu_212                  |             ofdm_chain_sync_detect_0_0_sync_detect_sync_detect_Pipeline_OUT_BUF |         67 |         67 |       0 |    0 |    20 |      0 |      0 |          0 |
|           flow_control_loop_pipe_sequential_init_U               | ofdm_chain_sync_detect_0_0_sync_detect_flow_control_loop_pipe_sequential_init_3 |         65 |         65 |       0 |    0 |     2 |      0 |      0 |          0 |
|         grp_sync_detect_Pipeline_OUT_LIVE_fu_224                 |            ofdm_chain_sync_detect_0_0_sync_detect_sync_detect_Pipeline_OUT_LIVE |         93 |         93 |       0 |    0 |    35 |      0 |      0 |          0 |
|           flow_control_loop_pipe_sequential_init_U               |   ofdm_chain_sync_detect_0_0_sync_detect_flow_control_loop_pipe_sequential_init |         81 |         81 |       0 |    0 |     2 |      0 |      0 |          0 |
|         mac_muladd_7s_7s_13s_13_4_1_U45                          |              ofdm_chain_sync_detect_0_0_sync_detect_mac_muladd_7s_7s_13s_13_4_1 |         53 |         53 |       0 |    0 |    32 |      0 |      0 |          0 |
|           sync_detect_mac_muladd_7s_7s_13s_13_4_1_DSP48_0_U      |      ofdm_chain_sync_detect_0_0_sync_detect_mac_muladd_7s_7s_13s_13_4_1_DSP48_0 |         53 |         53 |       0 |    0 |    32 |      0 |      0 |          0 |
|         mul_13ns_10ns_23_1_1_U42                                 |                     ofdm_chain_sync_detect_0_0_sync_detect_mul_13ns_10ns_23_1_1 |        154 |        154 |       0 |    0 |     0 |      0 |      0 |          0 |
|         mul_13ns_10ns_23_1_1_U43                                 |                   ofdm_chain_sync_detect_0_0_sync_detect_mul_13ns_10ns_23_1_1_1 |        154 |        154 |       0 |    0 |     0 |      0 |      0 |          0 |
|         regslice_both_iq_in_U                                    |                            ofdm_chain_sync_detect_0_0_sync_detect_regslice_both |        102 |        102 |       0 |    0 |    99 |      0 |      0 |          0 |
|         regslice_both_iq_out_U                                   |                          ofdm_chain_sync_detect_0_0_sync_detect_regslice_both_2 |         58 |         58 |       0 |    0 |   101 |      0 |      0 |          0 |
|     tx_conv_enc                                                  |                                                        ofdm_chain_tx_conv_enc_0 |        344 |        344 |       0 |    0 |   466 |      0 |      0 |          0 |
|       inst                                                       |                                               ofdm_chain_tx_conv_enc_0_conv_enc |        344 |        344 |       0 |    0 |   466 |      0 |      0 |          0 |
|         (inst)                                                   |                                               ofdm_chain_tx_conv_enc_0_conv_enc |         42 |         42 |       0 |    0 |   339 |      0 |      0 |          0 |
|         ctrl_s_axi_U                                             |                                    ofdm_chain_tx_conv_enc_0_conv_enc_ctrl_s_axi |         86 |         86 |       0 |    0 |    85 |      0 |      0 |          0 |
|         regslice_both_coded_out_U                                |                                 ofdm_chain_tx_conv_enc_0_conv_enc_regslice_both |        202 |        202 |       0 |    0 |    21 |      0 |      0 |          0 |
|     tx_interleaver                                               |                                                     ofdm_chain_tx_interleaver_0 |        326 |        304 |      16 |    6 |   359 |      0 |      0 |          0 |
|       inst                                                       |                                         ofdm_chain_tx_interleaver_0_interleaver |        326 |        304 |      16 |    6 |   359 |      0 |      0 |          0 |
|         grp_interleaver_Pipeline_PERM_Q_fu_122                   |             ofdm_chain_tx_interleaver_0_interleaver_interleaver_Pipeline_PERM_Q |         67 |         65 |       0 |    2 |    84 |      0 |      0 |          0 |
|           (grp_interleaver_Pipeline_PERM_Q_fu_122)               |             ofdm_chain_tx_interleaver_0_interleaver_interleaver_Pipeline_PERM_Q |         23 |         21 |       0 |    2 |    60 |      0 |      0 |          0 |
|         grp_interleaver_Pipeline_PERM_16_fu_130                  |            ofdm_chain_tx_interleaver_0_interleaver_interleaver_Pipeline_PERM_16 |        106 |        102 |       0 |    4 |   107 |      0 |      0 |          0 |
|           (grp_interleaver_Pipeline_PERM_16_fu_130)              |            ofdm_chain_tx_interleaver_0_interleaver_interleaver_Pipeline_PERM_16 |         49 |         45 |       0 |    4 |    84 |      0 |      0 |          0 |
|     tx_scrambler                                                 |                                                       ofdm_chain_tx_scrambler_0 |        122 |        122 |       0 |    0 |   123 |      0 |      0 |          0 |
|       inst                                                       |                                             ofdm_chain_tx_scrambler_0_scrambler |        122 |        122 |       0 |    0 |   123 |      0 |      0 |          0 |
|         ctrl_s_axi_U                                             |                                  ofdm_chain_tx_scrambler_0_scrambler_ctrl_s_axi |         59 |         59 |       0 |    0 |    52 |      0 |      0 |          0 |
+------------------------------------------------------------------+---------------------------------------------------------------------------------+------------+------------+---------+------+-------+--------+--------+------------+


