Copyright 1986-2022 Xilinx, Inc. All Rights Reserved. Copyright 2022-2025 Advanced Micro Devices, Inc. All Rights Reserved.
---------------------------------------------------------------------------------------------------------------------------------------------
| Tool Version : Vivado v.2025.2 (lin64) Build 6299465 Fri Nov 14 12:34:56 MST 2025
| Date         : Fri Apr 10 09:32:03 2026
| Host         : LPT1146 running 64-bit Ubuntu 24.04.3 LTS
| Command      : report_utilization -file /mnt/d/work/HW/ofdm_tx_hls/vivado/utilization_post_impl.rpt -hierarchical
| Design       : ofdm_chain_wrapper
| Device       : xc7a50tcsg325-2
| Speed File   : -2
| Design State : Routed
---------------------------------------------------------------------------------------------------------------------------------------------

Utilization Design Information

Table of Contents
-----------------
1. Utilization by Hierarchy

1. Utilization by Hierarchy
---------------------------

+--------------------+--------+------------+------------+---------+------+-----+--------+--------+------------+
|      Instance      | Module | Total LUTs | Logic LUTs | LUTRAMs | SRLs | FFs | RAMB36 | RAMB18 | DSP Blocks |
+--------------------+--------+------------+------------+---------+------+-----+--------+--------+------------+
| ofdm_chain_wrapper |  (top) |          0 |          0 |       0 |    0 |   0 |      0 |      0 |          0 |
+--------------------+--------+------------+------------+---------+------+-----+--------+--------+------------+
* Note: The sum of lower-level cells may be larger than their parent cells total, due to cross-hierarchy LUT combining


